// Jest Snapshot v1, https://goo.gl/fbAQLP

exports[`should render ExpenseListItem with an expense 1`] = `
<div>
  <nav>
    <Link
      to="edit/1"
    >
      <h3>
        Gum
      </h3>
    </Link>
  </nav>
  <p>
    Amount: 
    $1.95
  </p>
  <p>
    Created: 
    December 31st 1969
  </p>
</div>
`;
